# serializer version: 1
# name: test_compact_inference
  ModelDescriptor(
    architecture='PLKSR',
    input_channels=3,
    output_channels=3,
    scale=4,
  )
# ---
