# serializer version: 1
# name: test_dat_inference
  ModelDescriptor(
    architecture='DAT',
    input_channels=3,
    output_channels=3,
    scale=4,
  )
# ---
