# serializer version: 1
# name: test_swinir_inference
  ModelDescriptor(
    architecture='SwinIR',
    input_channels=3,
    output_channels=3,
    scale=2,
  )
# ---
