# serializer version: 1
# name: test_rgt_inference
  ModelDescriptor(
    architecture='RGT',
    input_channels=3,
    output_channels=3,
    scale=4,
  )
# ---
