# serializer version: 1
# name: test_camixersr_inference
  ModelDescriptor(
    architecture='camixersr',
    input_channels=3,
    output_channels=3,
    scale=4,
  )
# ---
