# serializer version: 1
# name: test_cugan_inference
  ModelDescriptor(
    architecture='cugan',
    input_channels=3,
    output_channels=3,
    scale=2,
  )
# ---
