# serializer version: 1
# name: test_span_inference
  ModelDescriptor(
    architecture='SPAN',
    input_channels=1,
    output_channels=1,
    scale=1,
  )
# ---
